[katen-template.netlify.app/html/blog-single.html]
[backblue.gif]
[fade.gif]
[index.html]
[katen-template.netlify.app/html/images/favicon.png]
[katen-template.netlify.app/html/css/bootstrap.min.css]
[katen-template.netlify.app/html/css/all.min.css]
[katen-template.netlify.app/html/css/slick.css]
[katen-template.netlify.app/html/css/simple-line-icons.css]
[katen-template.netlify.app/html/css/style.css]
[katen-template.netlify.app/html/images/logo.svg]
[katen-template.netlify.app/html/index.html]
[katen-template.netlify.app/html/personal.html]
[katen-template.netlify.app/html/personal-alt.html]
[katen-template.netlify.app/html/minimal.html]
[katen-template.netlify.app/html/classic.html]
[katen-template.netlify.app/html/category.html]
[katen-template.netlify.app/html/blog-single-alt.html]
[katen-template.netlify.app/html/about.html]
[katen-template.netlify.app/html/contact.html]
[katen-template.netlify.app/html/images/other/author-sm.png]
[katen-template.netlify.app/html/images/posts/featured-lg.jpg]
[katen-template.netlify.app/html/images/posts/post-lg-2.jpg]
[katen-template.netlify.app/html/images/posts/single-sm-1.jpg]
[katen-template.netlify.app/html/images/other/avatar-about.png]
[katen-template.netlify.app/html/images/other/comment-1.png]
[katen-template.netlify.app/html/images/other/comment-2.png]
[katen-template.netlify.app/html/images/other/comment-3.png]
[katen-template.netlify.app/html/images/map-bg.png]
[katen-template.netlify.app/html/images/posts/tabs-1.jpg]
[katen-template.netlify.app/html/images/posts/tabs-2.jpg]
[katen-template.netlify.app/html/images/posts/tabs-3.jpg]
[katen-template.netlify.app/html/images/widgets/widget-carousel-1.jpg]
[katen-template.netlify.app/html/images/widgets/widget-carousel-2.jpg]
[katen-template.netlify.app/html/images/ads/ad-360.png]
[katen-template.netlify.app/html/images/insta/insta-1.jpg]
[katen-template.netlify.app/html/images/insta/insta-2.jpg]
[katen-template.netlify.app/html/images/insta/insta-3.jpg]
[katen-template.netlify.app/html/images/insta/insta-4.jpg]
[katen-template.netlify.app/html/images/insta/insta-5.jpg]
[katen-template.netlify.app/html/images/insta/insta-6.jpg]
[katen-template.netlify.app/html/js/jquery.min.js]
[katen-template.netlify.app/html/js/popper.min.js]
[katen-template.netlify.app/html/js/bootstrap.min.js]
[katen-template.netlify.app/html/js/slick.min.js]
[katen-template.netlify.app/html/js/jquery.sticky-sidebar.min.js]
[katen-template.netlify.app/html/blog-single.html]
[katen-template.netlify.app/html/css/bootstrap.min.css]
[katen-template.netlify.app/html/js/custom.js]
[katen-template.netlify.app/html/webfonts/fa-brands-400.eot]
[katen-template.netlify.app/html/webfonts/fa-brands-400d41d.eot]
[katen-template.netlify.app/html/webfonts/fa-brands-400.woff2]
[katen-template.netlify.app/html/webfonts/fa-brands-400.woff]
[katen-template.netlify.app/html/webfonts/fa-brands-400.ttf]
[katen-template.netlify.app/html/webfonts/fa-brands-400.svg]
[katen-template.netlify.app/html/webfonts/fa-regular-400.eot]
[katen-template.netlify.app/html/webfonts/fa-regular-400d41d.eot]
[katen-template.netlify.app/html/webfonts/fa-regular-400.woff2]
[katen-template.netlify.app/html/webfonts/fa-regular-400.woff]
[katen-template.netlify.app/html/webfonts/fa-regular-400.ttf]
[katen-template.netlify.app/html/webfonts/fa-regular-400.svg]
[katen-template.netlify.app/html/webfonts/fa-solid-900.eot]
[katen-template.netlify.app/html/webfonts/fa-solid-900d41d.eot]
[katen-template.netlify.app/html/webfonts/fa-solid-900.woff2]
[katen-template.netlify.app/html/webfonts/fa-solid-900.woff]
[katen-template.netlify.app/html/webfonts/fa-solid-900.ttf]
[katen-template.netlify.app/html/css/all.min.css]
[katen-template.netlify.app/html/webfonts/fa-solid-900.svg]
[katen-template.netlify.app/html/images/ajax-loader.gif]
[katen-template.netlify.app/html/fonts/slick.eot]
[katen-template.netlify.app/html/fonts/slickd41d.eot]
[katen-template.netlify.app/html/fonts/slick.woff]
[katen-template.netlify.app/html/fonts/slick.ttf]
[katen-template.netlify.app/html/css/slick.css]
[katen-template.netlify.app/html/fonts/slick.svg]
[katen-template.netlify.app/html/fonts/Simple-Line-Iconsb26c.eot]
[katen-template.netlify.app/html/fonts/Simple-Line-Iconsb26c.woff2]
[katen-template.netlify.app/html/fonts/Simple-Line-Iconsb26c.ttf]
[katen-template.netlify.app/html/fonts/Simple-Line-Iconsb26c.woff]
[katen-template.netlify.app/html/css/simple-line-icons.css]
[katen-template.netlify.app/html/css/style.css]
[katen-template.netlify.app/html/fonts/Simple-Line-Iconsb26c.svg]
[katen-template.netlify.app/html/images/posts/tabs-4.jpg]
[katen-template.netlify.app/html/images/posts/editor-lg.jpg]
[katen-template.netlify.app/html/images/posts/editor-sm-1.jpg]
[katen-template.netlify.app/html/images/posts/editor-sm-2.jpg]
[katen-template.netlify.app/html/images/posts/editor-sm-3.jpg]
[katen-template.netlify.app/html/images/posts/editor-sm-4.jpg]
[katen-template.netlify.app/html/images/ads/ad-750.png]
[katen-template.netlify.app/html/images/posts/trending-lg-1.jpg]
[katen-template.netlify.app/html/images/posts/trending-sm-1.jpg]
[katen-template.netlify.app/html/images/posts/trending-sm-2.jpg]
[katen-template.netlify.app/html/images/posts/trending-lg-2.jpg]
[katen-template.netlify.app/html/images/posts/trending-sm-3.jpg]
[katen-template.netlify.app/html/images/posts/trending-sm-4.jpg]
[katen-template.netlify.app/html/images/posts/inspiration-1.jpg]
[katen-template.netlify.app/html/images/posts/inspiration-2.jpg]
[katen-template.netlify.app/html/images/posts/inspiration-3.jpg]
[katen-template.netlify.app/html/images/posts/latest-sm-1.jpg]
[katen-template.netlify.app/html/images/posts/latest-sm-2.jpg]
[katen-template.netlify.app/html/images/posts/latest-sm-3.jpg]
[katen-template.netlify.app/html/images/posts/latest-sm-4.jpg]
[katen-template.netlify.app/html/index.html]
[katen-template.netlify.app/html/images/logo.svg]
[katen-template.netlify.app/html/images/other/avatar-lg.png]
[katen-template.netlify.app/html/images/posts/featured-md-4.jpg]
[katen-template.netlify.app/html/images/posts/featured-md-1.jpg]
[katen-template.netlify.app/html/images/posts/featured-md-2.jpg]
[katen-template.netlify.app/html/images/posts/featured-md-3.jpg]
[katen-template.netlify.app/html/images/posts/post-md-1.jpg]
[katen-template.netlify.app/html/images/posts/post-md-2.jpg]
[katen-template.netlify.app/html/images/posts/post-md-3.jpg]
[katen-template.netlify.app/html/images/posts/post-md-4.jpg]
[katen-template.netlify.app/html/images/posts/post-md-5.jpg]
[katen-template.netlify.app/html/images/posts/post-md-6.jpg]
[katen-template.netlify.app/html/images/posts/post-md-7.jpg]
[katen-template.netlify.app/html/images/posts/post-md-8.jpg]
[katen-template.netlify.app/html/images/posts/post-md-9.jpg]
[katen-template.netlify.app/html/images/posts/post-md-10.jpg]
[katen-template.netlify.app/html/personal.html]
[katen-template.netlify.app/html/images/other/hero.jpg]
[katen-template.netlify.app/html/personal-alt.html]
[katen-template.netlify.app/html/images/posts/post-xl-1.jpg]
[katen-template.netlify.app/html/images/posts/post-xl-2.jpg]
[katen-template.netlify.app/html/images/posts/post-xl-3.jpg]
[katen-template.netlify.app/html/images/posts/post-xl-4.jpg]
[katen-template.netlify.app/html/minimal.html]
[katen-template.netlify.app/html/images/posts/featured-xl-1.jpg]
[katen-template.netlify.app/html/images/posts/featured-xl-2.jpg]
[katen-template.netlify.app/html/images/posts/post-lg-1.jpg]
[katen-template.netlify.app/html/images/posts/post-lg-3.jpg]
[katen-template.netlify.app/html/images/posts/post-lg-4.jpg]
[katen-template.netlify.app/html/classic.html]
[katen-template.netlify.app/html/category.html]
[katen-template.netlify.app/html/images/posts/single-cover.jpg]
[katen-template.netlify.app/html/blog-single-alt.html]
[katen-template.netlify.app/html/images/other/about.jpg]
[katen-template.netlify.app/html/about.html]
[katen-template.netlify.app/html/contact.html]
[katen-template.netlify.app/html/images/wave.svg]
[katen-template.netlify.app/html/webfonts/fa-brands-400.svg]
[katen-template.netlify.app/html/webfonts/fa-regular-400.svg]
[katen-template.netlify.app/html/webfonts/fa-solid-900.svg]
[katen-template.netlify.app/html/fonts/slick.svg]
[katen-template.netlify.app/html/fonts/Simple-Line-Iconsb26c.svg]
